../Core/Src/main.c:131:6:calcul_commande	24	static
../Core/Src/main.c:157:5:main	24	static
../Core/Src/main.c:327:6:SystemClock_Config	96	static
../Core/Src/main.c:377:13:MX_ADC1_Init	48	static
../Core/Src/main.c:444:13:MX_TIM2_Init	64	static
../Core/Src/main.c:507:13:MX_TIM3_Init	56	static
../Core/Src/main.c:556:13:MX_TIM4_Init	56	static
../Core/Src/main.c:605:13:MX_TIM6_Init	24	static
../Core/Src/main.c:643:13:MX_USART2_UART_Init	8	static
../Core/Src/main.c:678:13:MX_USART3_UART_Init	8	static
../Core/Src/main.c:713:13:MX_GPIO_Init	48	static
../Core/Src/main.c:770:6:HAL_TIM_PeriodElapsedCallback	16	static
../Core/Src/main.c:780:6:HAL_ADC_ConvCpltCallback	24	static
../Core/Src/main.c:790:6:HAL_UART_RxCpltCallback	16	static
../Core/Src/main.c:800:6:HAL_GPIO_EXTI_Callback	16	static
../Core/Src/main.c:812:6:Error_Handler	4	static,ignoring_inline_asm
